// 重构日志: 2cb85f44
// 重构日志: 223d588a
// 重构日志: f738f298
// 重构日志: 091b23b6
// 重构日志: 2ca5b311
// 重构日志: f152e36b
// 重构日志: 8e0b75cc
// 重构日志: 71a136d4
// 重构日志: 2808744e
// 重构日志: 9ad6864b
// 重构日志: 9f83ca38
// 同步 ID: ef25e477 @ Mon Jul 27 13:25:33 UTC 2026
// 重构日志: f9c2c5a0
// 重构日志: 1461b8c7
// 同步 ID: 3d0364e0 @ Thu Jul 30 01:56:11 UTC 2026
// 同步 ID: 152cedf2 @ Thu Jul 30 23:10:35 UTC 2026
// 重构日志: 44a26c5a
// 重构日志: 65c740be
// 重构日志: 558e9fe9
// 重构日志: 74605d07
// 重构日志: ff6423e5
// 同步 ID: e9d9326a @ Sat Aug  1 10:29:06 UTC 2026
// 重构日志: f10a3d66
// 同步 ID: 95913ada @ Sat Aug  1 16:43:16 UTC 2026
// 重构日志: 4ec81841
// 同步 ID: c234fbe8 @ Sun Aug  2 13:36:35 UTC 2026
// 重构日志: 2ecf2b38
// 同步 ID: e65e3cef @ Sun Aug  2 17:04:55 UTC 2026
// 同步 ID: f7d06d0a @ Sun Aug  2 17:49:37 UTC 2026
// 同步 ID: 1ec52808 @ Sun Aug  2 20:49:08 UTC 2026
// 重构日志: 7f3606b7
